
> isbjorn-frontend@1.0.0 dev
> vite


  VITE v5.4.19  ready in 134 ms

  ➜  Local:   http://localhost:3000/
  ➜  Network: use --host to expose
9:35:14 PM [vite] hmr update /src/pages/CharityDetailsPage.tsx, /src/styles/index.css
9:35:15 PM [vite] http proxy error: /api/public/charities
AggregateError [ECONNREFUSED]: 
    at internalConnectMultiple (node:net:1134:18)
    at afterConnectMultiple (node:net:1715:7)
9:36:41 PM [vite] hmr update /src/pages/CharityDetailsPage.tsx, /src/styles/index.css
9:37:04 PM [vite] hmr update /src/pages/CharityDetailsPage.tsx, /src/styles/index.css
9:37:17 PM [vite] hmr update /src/pages/CharityDetailsPage.tsx, /src/styles/index.css
9:37:31 PM [vite] hmr update /src/pages/CharityDetailsPage.tsx, /src/styles/index.css
9:37:38 PM [vite] hmr update /src/pages/CharityDetailsPage.tsx, /src/styles/index.css
9:37:46 PM [vite] hmr update /src/pages/CharityDetailsPage.tsx, /src/styles/index.css
9:37:53 PM [vite] hmr update /src/pages/CharityDetailsPage.tsx, /src/styles/index.css
9:38:02 PM [vite] hmr update /src/pages/CharityDetailsPage.tsx, /src/styles/index.css
9:38:02 PM [vite] hmr update /src/pages/CharityDetailsPage.tsx, /src/styles/index.css
9:38:02 PM [vite] hmr update /src/pages/CharityDetailsPage.tsx, /src/styles/index.css
9:42:20 PM [vite] hmr update /src/pages/CharityDetailsPage.tsx, /src/styles/index.css
9:42:41 PM [vite] hmr update /src/pages/CharityDetailsPage.tsx, /src/styles/index.css
9:42:54 PM [vite] hmr update /src/pages/CharityDetailsPage.tsx, /src/styles/index.css
9:43:05 PM [vite] hmr update /src/pages/CharityDetailsPage.tsx, /src/styles/index.css
9:58:21 PM [vite] hmr update /src/pages/CharityDetailsPage.tsx, /src/styles/index.css
9:58:28 PM [vite] hmr update /src/pages/CharityDetailsPage.tsx, /src/styles/index.css
9:58:35 PM [vite] hmr update /src/pages/CharityDetailsPage.tsx, /src/styles/index.css
9:58:41 PM [vite] hmr update /src/pages/CharityDetailsPage.tsx, /src/styles/index.css
9:58:51 PM [vite] hmr update /src/pages/CharityDetailsPage.tsx, /src/styles/index.css
